True
True
False
True
True
True
True
False
False
False
