"true": True
"True": True
"yes": True
"Yes": True
"on": True
"On": True
"TrUe": True
"1": True
"false": False
"False": False
"no": False
"No": False
"off": False
"Off": False
"FaLSe": False
"0": False
"": False
1: True
1.0: True
0: False
0.0: False
False: False
True: True
false: False
true: True
nil: False
None: False