0.0
0.0
5.5
5.0
5.0
-100.0
5.5 is 5.500000
5.5 is not 5.500001
