# indent 4
This is a simple text.

    This too, as a paragraph.
    Right?

    Yep!

# indent 2
This is a simple text.

  This too, as a paragraph.
  Right?

  Yep!

# indent 2, first=true
  This is a simple text.

  This too, as a paragraph.
  Right?

  Yep!

# indent 2, blank=true
This is a simple text.
  
  This too, as a paragraph.
  Right?
  
  Yep!

# indent 2, first=true, blank=true
  This is a simple text.
  
  This too, as a paragraph.
  Right?
  
  Yep!

