[{'v': False}, {'v': 0}]
[{'v': 0}, {'v': 2}, {'v': 4}]
[{'v': 0}, {'v': 1}, {'v': 2}]
