[0, 1, 2, 3, 4, 5]
[5, 4, 3, 2, 1, 0]
['a', 'b', 'c', 'd']
['d', 'c', 'b', 'a']
['A', 'C', 'b', 'd']
['d', 'b', 'C', 'A']
['a', 'AA', 'aaa', 'AAA', 'AAAA']
['AAAA', 'aaa', 'AAA', 'AA', 'a']
['AA', 'AAA', 'AAAA', 'a', 'aaa']
['aaa', 'a', 'AAAA', 'AAA', 'AA']
['a', 'ALL', 'key', 'other']
['other', 'key', 'ALL', 'a']
['ALL', 'a', 'key', 'other']
['other', 'key', 'a', 'ALL']
['a', 'B', 'c', 'D', 'e', 'F']
['F', 'e', 'D', 'c', 'B', 'a']
['B', 'D', 'F', 'a', 'c', 'e']
['e', 'c', 'a', 'F', 'D', 'B']
[]
