http%3A%2F%2Fwww.example.org%2Ffoo%3Fa%3Db%26c%3Dd
