<a href="http://www.john-doe.de" rel="noopener">http://www.john-doe.de</a>
<a href="http://www.john-doe.de" rel="nofollow noopener">http://www.john-doe.de</a>
<a href="http://www.john-doe.de" rel="nofollow noopener" target="_blank">http://www.john-doe.de</a>
<a href="http://www.john-doe.de" rel="noopener">http://www.john-doe.de</a>
<a href="http://www.john-doe.de" rel="noopener">www.john-doe.de</a>
<a href="http://john-doe.de" rel="noopener">john-doe.de</a>
--

Please mail me at <a href="mailto:demo@example.com">demo@example.com</a> or visit mit on:
- lorem ipsum <a href="http://github.com/nikolalohinski/gonja" rel="noopener">github.com/nikolalohinski/gonja</a> lorem ipsum
- lorem ipsum <a href="http://www.john-doe.de" rel="noopener">http://www.john-doe.de</a> lorem ipsum
- lorem ipsum <a href="https://www.john-doe.de" rel="noopener">https://www.john-doe.de</a> lorem ipsum
- lorem ipsum <a href="https://www.john-doe.de" rel="noopener">https://www.john-doe.de</a> lorem ipsum
- lorem ipsum <a href="http://www.john-doe.de" rel="noopener">www.john-doe.de</a> lorem ipsum
- lorem ipsum <a href="http://www.john-doe.de/test=%22test%22" rel="noopener">www.john-doe.de/test=&quot;test&quot;</a> lorem ipsum

--

Please mail me at <a href="mailto:demo@example.com">demo@example.com</a> or visit mit on:
- lorem ipsum <a href="http://github.com/nikolalohinski/gonja" rel="nofollow noopener" target="_blank">github.com/nikolalohinski/gonja</a> lorem ipsum
- lorem ipsum <a href="http://www.john-doe.de" rel="nofollow noopener" target="_blank">http://www.john-doe.de</a> lorem ipsum
- lorem ipsum <a href="https://www.john-doe.de" rel="nofollow noopener" target="_blank">https://www.john-doe.de</a> lorem ipsum
- lorem ipsum <a href="https://www.john-doe.de" rel="nofollow noopener" target="_blank">https://www.john-doe.de</a> lorem ipsum
- lorem ipsum <a href="http://www.john-doe.de" rel="nofollow noopener" target="_blank">www.john-doe.de</a> lorem ipsum
- lorem ipsum <a href="http://www.john-doe.de/test=%22test%22" rel="nofollow noopener" target="_blank">www.john-doe.de/test=&quot;test&quot;</a> lorem ipsum

--

Please mail me at <a href="mailto:demo@example.com">demo@example...</a> or visit mit on:
- lorem ipsum <a href="http://github.com/nikolalohinski/gonja" rel="noopener">github.com/n...</a> lorem ipsum
- lorem ipsum <a href="http://www.john-doe.de" rel="noopener">http://www.j...</a> lorem ipsum
- lorem ipsum <a href="https://www.john-doe.de" rel="noopener">https://www....</a> lorem ipsum
- lorem ipsum <a href="https://www.john-doe.de" rel="noopener">https://www....</a> lorem ipsum
- lorem ipsum <a href="http://www.john-doe.de" rel="noopener">www.john-doe.de</a> lorem ipsum
- lorem ipsum <a href="http://www.john-doe.de/test=%22test%22" rel="noopener">www.john-doe...</a> lorem ipsum

