| class="my-class" id="list-42"
|class="my-class" id="list-42"
| key="value&quot;"
