Start 'I'm 11' End
Start 'I'm 11' End
Start 'I'm guest7' End
Start '' End
Start '' End
