<p><input type="text" name="username" value="" size="20"></p>
<p><input type="password" name="username" value="" size="20"></p>
<p><input type="text" name="address" value="" size="42"></p>
