new style
Start 'I'm john doe' End
Start 'I'm john doe11' End
Start 'I'm guest7' End

more with tests
user1
user1
user3
