10
10.0
0
13.25
0.5
0.5
0
1000000.0
1000000
4
================================================================================
