"": True
"nope": False
[]: True
["one"]: False
{}: True
{"a": "b"}: False
