##########

1

2

3

##########
1
2
3

##########

1
2
3
##########
123
##########
1
2
3

##########
123
##########
1
2(is modulo)
3

##########