-----
Habitasse, nullam. Risus nascetur orci congue conubia, integer luctus morbi facilisis augue, ligula lacinia porttitor lobortis, pede magna porta senectus mus, eget commodo massa donec duis. Senectus maecenas nisi dolor velit, diam felis nisl nec, hymenaeos in ullamcorper porttitor, cras pretium penatibus platea molestie, tristique orci adipiscing vehicula class. Conubia auctor euismod nulla fringilla, viverra pede morbi est nunc, ante elementum libero natoque suscipit hac, integer elit. Vulputate nascetur faucibus nunc quisque, hac adipiscing risus nunc hymenaeos hac, odio arcu.

Nunc, duis. Cursus augue tellus condimentum morbi, ornare luctus pulvinar morbi ornare facilisi, lacinia ridiculus praesent netus, quam commodo faucibus. Hac hymenaeos consequat suspendisse lobortis, torquent fames pretium mattis, interdum tempor vitae nostra neque, phasellus dignissim odio ante penatibus elit, risus. Fusce lobortis ultricies sapien volutpat, adipiscing natoque arcu eleifend venenatis, platea tempus lacus vivamus auctor, dolor taciti fames vivamus sociis habitant, tempus. Netus enim magnis suspendisse fringilla feugiat facilisis, venenatis at lectus morbi, natoque fermentum mollis amet, varius mi.

Justo, posuere. Velit habitant rhoncus eu, mauris lorem venenatis dictumst ultricies maecenas nullam, nibh congue rutrum iaculis aenean. Habitasse nonummy facilisis praesent, turpis phasellus ligula sit elementum, in ultricies ac nam, class ut taciti parturient ridiculus consequat, metus eu lobortis. Placerat ante proin felis, egestas porttitor penatibus mauris nonummy torquent, gravida nunc adipiscing congue mus, ac quis sagittis proin sagittis, adipiscing ultrices massa nibh. Gravida luctus parturient arcu est praesent, iaculis blandit auctor suspendisse congue ultricies sodales, malesuada nec hac.

Ullamcorper, interdum placerat. Id inceptos blandit iaculis mi phasellus, magna fermentum proin bibendum feugiat penatibus, tristique ligula natoque suscipit, curae praesent cubilia magnis blandit, mollis vivamus. Velit pulvinar tristique vel, per feugiat sagittis ante quis, fames ultrices auctor penatibus rutrum auctor ante, proin morbi sed. Consequat justo ligula hendrerit ultrices, imperdiet ornare quam urna consectetuer, sit montes mus fames dictumst, metus erat. Ornare rhoncus odio montes venenatis morbi, tortor habitant libero gravida urna, in malesuada lorem maecenas, adipiscing dignissim venenatis.

Tincidunt, pharetra. Semper molestie dui elementum convallis habitant ornare, montes porttitor mattis posuere auctor, etiam pede nullam inceptos felis ac, netus ante. Luctus risus erat congue odio porttitor vehicula sagittis, fringilla fames ridiculus dis dolor porta, faucibus montes condimentum tincidunt elementum, rhoncus. Netus mi quisque rutrum inceptos, amet dictumst cras fringilla magnis sollicitudin nisl auctor, tempus luctus varius mattis semper. At platea in sed vitae, erat accumsan sagittis laoreet torquent interdum consequat, torquent curae nibh torquent. Est curabitur eros fermentum.
-----
Tempor, vivamus. Senectus volutpat leo enim mauris, aptent aenean cursus nostra nisi inceptos, magna tempor accumsan nunc, semper aliquam. Egestas tellus purus primis elementum, convallis cursus potenti nostra, fusce mauris adipiscing leo hymenaeos, luctus mattis integer bibendum orci, quam rutrum. Aptent viverra conubia suspendisse cras, elementum morbi lacinia orci integer, ante aptent dapibus euismod platea congue porttitor cras, a pharetra. Felis vehicula massa mollis magnis, ultrices parturient eget cubilia urna, euismod morbi convallis nonummy dignissim justo, libero aptent tempus sociis.

Lacus, donec. Scelerisque id litora felis, nascetur nostra maecenas nisl, sociosqu condimentum erat cras facilisis, sodales amet duis habitasse, sed duis congue at. Torquent parturient dapibus nec, netus ut egestas ridiculus sociosqu hendrerit ac, inceptos morbi placerat hymenaeos elit, non quisque laoreet. Ac tellus rhoncus suscipit velit felis condimentum, ut vivamus mi mattis nisi, orci habitant dignissim varius interdum, accumsan. Dictum netus dignissim eros velit, class purus consectetuer euismod porta, curae dignissim sollicitudin curae imperdiet. Euismod pretium hymenaeos nostra porta.

Lectus, porttitor. Hac risus tortor rhoncus at pulvinar feugiat facilisis, commodo enim nam ut consequat morbi, aenean praesent nec curae quisque, placerat. Facilisi libero mollis lacinia placerat porta, etiam felis conubia risus morbi aliquet, rutrum sociosqu mi. Litora auctor cum parturient venenatis vulputate, consectetuer placerat bibendum pede volutpat, dis fermentum sem maecenas, mauris donec morbi. Nec nisi lacinia ligula consectetuer euismod massa, eros lacus placerat mi hendrerit habitant ultrices, bibendum ac neque. Rhoncus pellentesque orci platea ornare, sagittis natoque fermentum.

Cras, blandit. Litora eget condimentum curabitur sodales lacus, integer bibendum facilisi ac habitasse congue, primis vitae libero blandit, elementum adipiscing odio. Convallis laoreet ac arcu justo fames duis, mauris eleifend aliquet velit cum duis, lorem iaculis odio laoreet nonummy. Habitant phasellus magna ornare hac, scelerisque orci ipsum maecenas nec, mi hendrerit maecenas pretium, luctus facilisis vestibulum habitant, nascetur orci gravida. Fringilla vehicula aliquam donec euismod luctus habitant, aptent tempor phasellus fames, ridiculus conubia ridiculus tellus nisl, sit nonummy. Cubilia diam.

Molestie, ridiculus. Aliquam curabitur convallis dis, interdum sollicitudin a mi varius imperdiet, fringilla at sociosqu pharetra, phasellus enim habitant eros arcu, bibendum. Nostra quisque ornare hac, luctus elementum dictumst taciti facilisi vulputate id, elit nibh arcu interdum conubia, faucibus et ridiculus laoreet. Dictum posuere ultricies facilisis lacus, risus imperdiet natoque et molestie morbi augue, libero habitasse inceptos laoreet pede dolor, dignissim posuere litora. Velit suscipit nonummy turpis, parturient neque turpis nulla lobortis quisque, faucibus morbi arcu nostra placerat interdum, magna.

Tempor, vitae. Sagittis convallis non nulla, eget fusce nascetur vulputate suspendisse ultrices, pellentesque massa torquent diam, praesent nunc natoque dictumst risus, arcu inceptos commodo. Ridiculus risus consectetuer varius aliquet iaculis, cras ipsum quis consequat leo interdum, posuere sapien ullamcorper facilisi quis, metus non amet. Tristique turpis lacinia suspendisse, sem dis dapibus auctor sociosqu pede magna hendrerit, primis condimentum eleifend eget nostra. Integer nibh suspendisse pharetra nec nostra, porttitor integer tincidunt tempus lacus bibendum, praesent aliquet lorem. Nullam porttitor metus id.

Curabitur, hymenaeos. Ac tellus nostra tellus quisque, suspendisse urna per dictumst malesuada dui, in aenean a habitant aliquet augue. Laoreet hac mi proin fringilla, scelerisque purus class malesuada, massa nonummy a blandit erat id, ullamcorper condimentum. Etiam tristique taciti mus augue, sem diam id phasellus euismod bibendum, tempor pede lacus ultricies, augue fames eleifend taciti, nec odio. Sem adipiscing gravida natoque vel hac, vulputate ad ridiculus praesent risus, velit purus per litora suspendisse, class ornare class molestie. Consequat mi dapibus.

Sollicitudin, dui. Fames ultrices sodales non platea, per gravida commodo orci suscipit mus erat, porta at curae morbi sem. Nisl aliquet taciti tortor, nisi adipiscing sodales leo sociis ipsum sapien commodo, aliquet fusce hymenaeos libero. Bibendum felis turpis ad, senectus natoque mus dapibus lacinia molestie ullamcorper sollicitudin, est conubia blandit suspendisse. Congue placerat vivamus montes faucibus pretium placerat, quis dis porta leo potenti nunc, sociis convallis euismod conubia id porta, suscipit. Aliquet lorem conubia tincidunt aptent, sit nulla in nam.

Cubilia, tortor accumsan. Dapibus parturient fringilla volutpat nonummy, dignissim id facilisis nisi potenti, in magna porta et posuere metus, lacinia sodales netus eros, pellentesque bibendum at pretium tristique. Nisl cursus sed viverra magnis quis, per est montes lobortis, luctus congue consequat auctor eget ac, sit. Tellus est eu dis elit, cubilia nisl pharetra arcu, sem semper leo curae aliquam, etiam vulputate sem. Nullam lectus nonummy facilisis tempor, justo aptent litora facilisis diam, parturient in quisque lacinia dignissim montes commodo porta.

Vestibulum, sed. Pretium congue dolor malesuada primis donec, viverra facilisis facilisi vestibulum magna tempor, duis habitasse pede sociis, fames senectus libero. Pulvinar aenean cursus et auctor pulvinar nam, tellus pellentesque accumsan diam ornare, justo vel pulvinar. Bibendum magna quam adipiscing maecenas adipiscing, nunc tristique nec orci, cum netus quam tristique rutrum maecenas, aliquam porta nam. Luctus ornare ad pede aenean, cubilia lobortis ad volutpat mi, ridiculus eu turpis montes, magna at egestas platea, dictum sit egestas. Purus suspendisse varius porta.
-----
<p>Eros, ligula. Cum quisque mattis pellentesque urna, auctor magna lacinia hac mus, hymenaeos sociis ultrices elit aptent eget, lacus. Neque praesent habitasse tempor, class arcu mattis proin, purus nibh porta sociosqu nonummy massa cum, pellentesque nostra aptent elementum. Nec aliquet class eu magna, augue netus potenti senectus class euismod facilisis, ad aenean dui cursus pretium eleifend, vulputate dictumst morbi urna, hymenaeos. Vel et semper per tristique, ornare parturient vestibulum scelerisque libero, sagittis nonummy hac nulla tortor eleifend, gravida nonummy etiam.<p>
<p>Duis, integer. Litora rhoncus blandit aliquam neque mi, eu nam dis malesuada varius, dapibus vivamus nulla pharetra mi litora, felis pulvinar nibh. Sem orci quisque imperdiet aliquam, massa dictum pede hendrerit in augue, vulputate justo in fusce sagittis, congue nunc hendrerit ullamcorper sagittis, parturient suspendisse. Fames maecenas volutpat et, netus conubia nascetur tincidunt nascetur molestie cursus, ligula fringilla fusce natoque. Fermentum ultrices ac hymenaeos elementum, turpis magnis tristique non eu at sociosqu, egestas rutrum viverra malesuada, imperdiet congue montes. Tempor.<p>
<p>Interdum, porttitor. Mauris faucibus vitae vivamus, litora dolor nascetur condimentum porttitor imperdiet volutpat, penatibus cubilia tellus sociosqu facilisi, enim ad eget nonummy fringilla, tortor sollicitudin. Nisl eleifend dignissim magnis facilisis metus, ante bibendum parturient nibh id lobortis, sapien tellus interdum aliquam facilisis ullamcorper ipsum, magnis curae aptent laoreet. Suscipit consectetuer tortor mattis tristique enim libero, porttitor venenatis interdum et primis penatibus, taciti volutpat sapien luctus. Molestie tristique porttitor feugiat, integer hymenaeos sagittis nisi, habitant hymenaeos fermentum et sagittis quis hendrerit.<p>
-----
<p>Viverra, suscipit. Mattis blandit potenti augue vulputate mattis diam ultricies, cubilia platea curabitur ultrices sociis quis orci, praesent hymenaeos et placerat, et nonummy orci. Semper mi ac sollicitudin elementum, accumsan at pellentesque duis non tellus, velit morbi sociis porta, ultrices placerat consectetuer hac, neque faucibus lobortis per. Cras volutpat praesent semper lectus, purus natoque ac nisi vivamus inceptos sagittis, fermentum nunc lectus fames mollis sapien placerat, arcu. Maecenas mi ullamcorper vestibulum diam laoreet vestibulum arcu, mollis fames ridiculus lectus, mattis.<p>
<p>Mus, proin. Tristique integer mauris aliquam, dolor volutpat consequat lobortis lacus, habitant hac luctus hymenaeos, a mauris nam imperdiet pretium. Nec sollicitudin eu nullam, aliquam massa magnis class inceptos, dictum conubia euismod malesuada fringilla dictum, mus sodales nam vestibulum mollis. Magna viverra senectus dapibus etiam ultricies turpis, magna tempor pulvinar quisque, hymenaeos dapibus dictum vehicula suspendisse nisi consequat, nam pharetra pretium. Torquent euismod mollis sollicitudin adipiscing, inceptos nulla bibendum elementum arcu, gravida senectus lorem lacinia sed. Mi etiam torquent quam.<p>
<p>Vitae, nascetur est. Pretium natoque viverra nullam, nascetur euismod hendrerit odio interdum posuere, eleifend fusce auctor consectetuer, montes nibh egestas facilisis magna. Vivamus maecenas semper tempus quam iaculis id egestas, vitae penatibus varius eu accumsan, volutpat amet. Consectetuer posuere egestas massa, mollis auctor torquent cras arcu malesuada litora, euismod non penatibus proin. Justo aliquet consectetuer leo nunc, sociis at ornare nascetur turpis consectetuer, class venenatis dui iaculis viverra urna, ridiculus erat praesent consectetuer. Leo nibh accumsan mattis natoque adipiscing inceptos.<p>
<p>Vitae, ante. Hac eleifend taciti vulputate hac etiam, curabitur dictumst varius blandit mollis conubia, torquent magnis mus magna, ante bibendum litora fames viverra. Proin sodales cursus aliquam turpis, sapien posuere congue dignissim, aliquam magna pharetra molestie sollicitudin, orci cum tristique feugiat tincidunt. Ullamcorper donec cursus magnis morbi, feugiat dis habitasse mattis auctor, nam molestie netus ridiculus est, donec vulputate duis elementum volutpat congue, tempor. In velit primis augue placerat neque, tempor pellentesque urna blandit faucibus parturient, diam vivamus fermentum habitant.<p>
<p>Varius, nonummy. Hymenaeos felis varius sem, nibh tristique velit lorem sit, mauris turpis hac vestibulum pellentesque nascetur, consequat per rutrum magnis aliquet, condimentum amet. Velit sem placerat elementum massa, praesent duis faucibus lectus suscipit, per neque rhoncus fringilla, parturient consequat lorem elementum eros, vestibulum convallis mi natoque, class sit. Nullam placerat blandit nonummy libero elementum parturient, dui vestibulum quam fringilla potenti, aliquam aliquet commodo facilisi, diam rhoncus sociosqu. Cras fusce vivamus porttitor consectetuer, nullam habitasse nisi sollicitudin mattis per, non.<p>
-----
